// Jest Snapshot v1, https://goo.gl/fbAQLP

exports[`GlobalNavBar should match snapshot given route is at /files 1`] = `
<body>
  <div>
    <div
      class="MuiDrawer-root global-navbar MuiDrawer-docked css-7ik032-MuiDrawer-docked"
    >
      <div
        class="MuiPaper-root MuiPaper-elevation MuiPaper-elevation0 MuiDrawer-paper global-navbar__paper MuiDrawer-paperAnchorLeft MuiDrawer-paperAnchorDockedLeft css-153gm7s-MuiPaper-root-MuiDrawer-paper"
        style="--Paper-shadow: none;"
      >
        <ul
          class="MuiList-root MuiList-padding css-1u169s7-MuiList-root"
        >
          <a
            class="global-navbar__link"
            href="/files"
          >
            <li
              class="MuiListItem-root MuiListItem-gutters MuiListItem-padding css-1qa1mqp-MuiListItem-root"
            >
              <div
                class="MuiListItemIcon-root css-cveggr-MuiListItemIcon-root"
              >
                <svg
                  aria-hidden="true"
                  class="MuiSvgIcon-root MuiSvgIcon-fontSizeMedium css-20bmp1-MuiSvgIcon-root"
                  data-testid="FolderIcon"
                  focusable="false"
                  viewBox="0 0 24 24"
                >
                  <path
                    d="M10 4H4c-1.1 0-1.99.9-1.99 2L2 18c0 1.1.9 2 2 2h16c1.1 0 2-.9 2-2V8c0-1.1-.9-2-2-2h-8z"
                  />
                </svg>
              </div>
              <div
                class="MuiListItemText-root global-navbar__listitem-text css-1y2w5y4-MuiListItemText-root"
              >
                <span
                  class="MuiTypography-root MuiTypography-body1 MuiListItemText-primary css-1edfpdg-MuiTypography-root"
                >
                  Files
                </span>
              </div>
            </li>
          </a>
          <a
            class="global-navbar__link"
            href="/pictures"
          >
            <li
              class="MuiListItem-root MuiListItem-gutters MuiListItem-padding css-1qa1mqp-MuiListItem-root"
            >
              <div
                class="MuiListItemIcon-root css-cveggr-MuiListItemIcon-root"
              >
                <svg
                  aria-hidden="true"
                  class="MuiSvgIcon-root MuiSvgIcon-fontSizeMedium css-20bmp1-MuiSvgIcon-root"
                  data-testid="PermMediaIcon"
                  focusable="false"
                  viewBox="0 0 24 24"
                >
                  <path
                    d="M2 6H0v5h.01L0 20c0 1.1.9 2 2 2h18v-2H2zm20-2h-8l-2-2H6c-1.1 0-1.99.9-1.99 2L4 16c0 1.1.9 2 2 2h16c1.1 0 2-.9 2-2V6c0-1.1-.9-2-2-2M7 15l4.5-6 3.5 4.51 2.5-3.01L21 15z"
                  />
                </svg>
              </div>
              <div
                class="MuiListItemText-root global-navbar__listitem-text css-1y2w5y4-MuiListItemText-root"
              >
                <span
                  class="MuiTypography-root MuiTypography-body1 MuiListItemText-primary css-1edfpdg-MuiTypography-root"
                >
                  Pictures
                </span>
              </div>
            </li>
          </a>
        </ul>
      </div>
    </div>
  </div>
</body>
`;

exports[`GlobalNavBar should match snapshot given route is at /files/123 1`] = `
<body>
  <div>
    <div
      class="MuiDrawer-root global-navbar MuiDrawer-docked css-7ik032-MuiDrawer-docked"
    >
      <div
        class="MuiPaper-root MuiPaper-elevation MuiPaper-elevation0 MuiDrawer-paper global-navbar__paper MuiDrawer-paperAnchorLeft MuiDrawer-paperAnchorDockedLeft css-153gm7s-MuiPaper-root-MuiDrawer-paper"
        style="--Paper-shadow: none;"
      >
        <ul
          class="MuiList-root MuiList-padding css-1u169s7-MuiList-root"
        >
          <a
            class="global-navbar__link"
            href="/files"
          >
            <li
              class="MuiListItem-root MuiListItem-gutters MuiListItem-padding css-1qa1mqp-MuiListItem-root"
            >
              <div
                class="MuiListItemIcon-root css-cveggr-MuiListItemIcon-root"
              >
                <svg
                  aria-hidden="true"
                  class="MuiSvgIcon-root MuiSvgIcon-fontSizeMedium css-20bmp1-MuiSvgIcon-root"
                  data-testid="FolderIcon"
                  focusable="false"
                  viewBox="0 0 24 24"
                >
                  <path
                    d="M10 4H4c-1.1 0-1.99.9-1.99 2L2 18c0 1.1.9 2 2 2h16c1.1 0 2-.9 2-2V8c0-1.1-.9-2-2-2h-8z"
                  />
                </svg>
              </div>
              <div
                class="MuiListItemText-root global-navbar__listitem-text css-1y2w5y4-MuiListItemText-root"
              >
                <span
                  class="MuiTypography-root MuiTypography-body1 MuiListItemText-primary css-1edfpdg-MuiTypography-root"
                >
                  Files
                </span>
              </div>
            </li>
          </a>
          <a
            class="global-navbar__link"
            href="/pictures"
          >
            <li
              class="MuiListItem-root MuiListItem-gutters MuiListItem-padding css-1qa1mqp-MuiListItem-root"
            >
              <div
                class="MuiListItemIcon-root css-cveggr-MuiListItemIcon-root"
              >
                <svg
                  aria-hidden="true"
                  class="MuiSvgIcon-root MuiSvgIcon-fontSizeMedium css-20bmp1-MuiSvgIcon-root"
                  data-testid="PermMediaIcon"
                  focusable="false"
                  viewBox="0 0 24 24"
                >
                  <path
                    d="M2 6H0v5h.01L0 20c0 1.1.9 2 2 2h18v-2H2zm20-2h-8l-2-2H6c-1.1 0-1.99.9-1.99 2L4 16c0 1.1.9 2 2 2h16c1.1 0 2-.9 2-2V6c0-1.1-.9-2-2-2M7 15l4.5-6 3.5 4.51 2.5-3.01L21 15z"
                  />
                </svg>
              </div>
              <div
                class="MuiListItemText-root global-navbar__listitem-text css-1y2w5y4-MuiListItemText-root"
              >
                <span
                  class="MuiTypography-root MuiTypography-body1 MuiListItemText-primary css-1edfpdg-MuiTypography-root"
                >
                  Pictures
                </span>
              </div>
            </li>
          </a>
        </ul>
      </div>
    </div>
  </div>
</body>
`;

exports[`GlobalNavBar should match snapshot given route is at /pictures 1`] = `
<body>
  <div>
    <div
      class="MuiDrawer-root global-navbar MuiDrawer-docked css-7ik032-MuiDrawer-docked"
    >
      <div
        class="MuiPaper-root MuiPaper-elevation MuiPaper-elevation0 MuiDrawer-paper global-navbar__paper MuiDrawer-paperAnchorLeft MuiDrawer-paperAnchorDockedLeft css-153gm7s-MuiPaper-root-MuiDrawer-paper"
        style="--Paper-shadow: none;"
      >
        <ul
          class="MuiList-root MuiList-padding css-1u169s7-MuiList-root"
        >
          <a
            class="global-navbar__link"
            href="/files"
          >
            <li
              class="MuiListItem-root MuiListItem-gutters MuiListItem-padding css-1qa1mqp-MuiListItem-root"
            >
              <div
                class="MuiListItemIcon-root css-cveggr-MuiListItemIcon-root"
              >
                <svg
                  aria-hidden="true"
                  class="MuiSvgIcon-root MuiSvgIcon-fontSizeMedium css-20bmp1-MuiSvgIcon-root"
                  data-testid="FolderIcon"
                  focusable="false"
                  viewBox="0 0 24 24"
                >
                  <path
                    d="M10 4H4c-1.1 0-1.99.9-1.99 2L2 18c0 1.1.9 2 2 2h16c1.1 0 2-.9 2-2V8c0-1.1-.9-2-2-2h-8z"
                  />
                </svg>
              </div>
              <div
                class="MuiListItemText-root global-navbar__listitem-text css-1y2w5y4-MuiListItemText-root"
              >
                <span
                  class="MuiTypography-root MuiTypography-body1 MuiListItemText-primary css-1edfpdg-MuiTypography-root"
                >
                  Files
                </span>
              </div>
            </li>
          </a>
          <a
            class="global-navbar__link"
            href="/pictures"
          >
            <li
              class="MuiListItem-root MuiListItem-gutters MuiListItem-padding css-1qa1mqp-MuiListItem-root"
            >
              <div
                class="MuiListItemIcon-root css-cveggr-MuiListItemIcon-root"
              >
                <svg
                  aria-hidden="true"
                  class="MuiSvgIcon-root MuiSvgIcon-fontSizeMedium css-20bmp1-MuiSvgIcon-root"
                  data-testid="PermMediaIcon"
                  focusable="false"
                  viewBox="0 0 24 24"
                >
                  <path
                    d="M2 6H0v5h.01L0 20c0 1.1.9 2 2 2h18v-2H2zm20-2h-8l-2-2H6c-1.1 0-1.99.9-1.99 2L4 16c0 1.1.9 2 2 2h16c1.1 0 2-.9 2-2V6c0-1.1-.9-2-2-2M7 15l4.5-6 3.5 4.51 2.5-3.01L21 15z"
                  />
                </svg>
              </div>
              <div
                class="MuiListItemText-root global-navbar__listitem-text css-1y2w5y4-MuiListItemText-root"
              >
                <span
                  class="MuiTypography-root MuiTypography-body1 MuiListItemText-primary css-1edfpdg-MuiTypography-root"
                >
                  Pictures
                </span>
              </div>
            </li>
          </a>
        </ul>
      </div>
    </div>
  </div>
</body>
`;

exports[`GlobalNavBar should match snapshot given route is at /pictures/123 1`] = `
<body>
  <div>
    <div
      class="MuiDrawer-root global-navbar MuiDrawer-docked css-7ik032-MuiDrawer-docked"
    >
      <div
        class="MuiPaper-root MuiPaper-elevation MuiPaper-elevation0 MuiDrawer-paper global-navbar__paper MuiDrawer-paperAnchorLeft MuiDrawer-paperAnchorDockedLeft css-153gm7s-MuiPaper-root-MuiDrawer-paper"
        style="--Paper-shadow: none;"
      >
        <ul
          class="MuiList-root MuiList-padding css-1u169s7-MuiList-root"
        >
          <a
            class="global-navbar__link"
            href="/files"
          >
            <li
              class="MuiListItem-root MuiListItem-gutters MuiListItem-padding css-1qa1mqp-MuiListItem-root"
            >
              <div
                class="MuiListItemIcon-root css-cveggr-MuiListItemIcon-root"
              >
                <svg
                  aria-hidden="true"
                  class="MuiSvgIcon-root MuiSvgIcon-fontSizeMedium css-20bmp1-MuiSvgIcon-root"
                  data-testid="FolderIcon"
                  focusable="false"
                  viewBox="0 0 24 24"
                >
                  <path
                    d="M10 4H4c-1.1 0-1.99.9-1.99 2L2 18c0 1.1.9 2 2 2h16c1.1 0 2-.9 2-2V8c0-1.1-.9-2-2-2h-8z"
                  />
                </svg>
              </div>
              <div
                class="MuiListItemText-root global-navbar__listitem-text css-1y2w5y4-MuiListItemText-root"
              >
                <span
                  class="MuiTypography-root MuiTypography-body1 MuiListItemText-primary css-1edfpdg-MuiTypography-root"
                >
                  Files
                </span>
              </div>
            </li>
          </a>
          <a
            class="global-navbar__link"
            href="/pictures"
          >
            <li
              class="MuiListItem-root MuiListItem-gutters MuiListItem-padding css-1qa1mqp-MuiListItem-root"
            >
              <div
                class="MuiListItemIcon-root css-cveggr-MuiListItemIcon-root"
              >
                <svg
                  aria-hidden="true"
                  class="MuiSvgIcon-root MuiSvgIcon-fontSizeMedium css-20bmp1-MuiSvgIcon-root"
                  data-testid="PermMediaIcon"
                  focusable="false"
                  viewBox="0 0 24 24"
                >
                  <path
                    d="M2 6H0v5h.01L0 20c0 1.1.9 2 2 2h18v-2H2zm20-2h-8l-2-2H6c-1.1 0-1.99.9-1.99 2L4 16c0 1.1.9 2 2 2h16c1.1 0 2-.9 2-2V6c0-1.1-.9-2-2-2M7 15l4.5-6 3.5 4.51 2.5-3.01L21 15z"
                  />
                </svg>
              </div>
              <div
                class="MuiListItemText-root global-navbar__listitem-text css-1y2w5y4-MuiListItemText-root"
              >
                <span
                  class="MuiTypography-root MuiTypography-body1 MuiListItemText-primary css-1edfpdg-MuiTypography-root"
                >
                  Pictures
                </span>
              </div>
            </li>
          </a>
        </ul>
      </div>
    </div>
  </div>
</body>
`;
