// Jest Snapshot v1, https://goo.gl/fbAQLP

exports[`TextDialogContent should match snapshot 1`] = `
<body>
  <div>
    <div
      class="MuiDialogContent-root css-1kxd7on-MuiDialogContent-root"
    >
      <p
        class="MuiTypography-root MuiDialogContentText-root MuiTypography-body1 text-dialog-content css-467eqb-MuiTypography-root-MuiDialogContentText-root"
      >
        1234
      </p>
    </div>
  </div>
</body>
`;
