// Jest Snapshot v1, https://goo.gl/fbAQLP

exports[`AuthenticatedApp should match snapshot given valid route 1`] = `
<body>
  <div>
    <div
      class="app-shell"
    >
      <div
        class="app-shell__below-appbar"
      >
        <div
          class="app-shell__contents MuiBox-root css-1k9ek97"
        />
      </div>
    </div>
  </div>
</body>
`;
