// Jest Snapshot v1, https://goo.gl/fbAQLP

exports[`Table should match snapshot given a list of jobs 1`] = `
<body>
  <div>
    <div
      class="MuiTableContainer-root css-braypr-MuiTableContainer-root"
    >
      <table
        aria-label="simple table"
        class="MuiTable-root css-1i7vgpz-MuiTable-root"
      >
        <tbody
          class="MuiTableBody-root css-apqrd9-MuiTableBody-root"
        >
          <tr
            class="MuiTableRow-root css-34nofg-MuiTableRow-root"
            data-testid="job-id-0"
          >
            <td
              class="MuiTableCell-root MuiTableCell-body MuiTableCell-paddingNone MuiTableCell-sizeMedium table-row__file-type-cell css-11w94w9-MuiTableCell-root"
            >
              <span
                aria-label="UPLOAD_FILE"
                class=""
                data-mui-internal-clone-element="true"
              >
                <svg
                  aria-hidden="true"
                  class="MuiSvgIcon-root MuiSvgIcon-fontSizeMedium css-i4bv87-MuiSvgIcon-root"
                  data-testid="BackupIcon"
                  focusable="false"
                  viewBox="0 0 24 24"
                >
                  <path
                    d="M19.35 10.04C18.67 6.59 15.64 4 12 4 9.11 4 6.6 5.64 5.35 8.04 2.34 8.36 0 10.91 0 14c0 3.31 2.69 6 6 6h13c2.76 0 5-2.24 5-5 0-2.64-2.05-4.78-4.65-4.96zM14 13v4h-4v-4H7l5-5 5 5h-3z"
                  />
                </svg>
              </span>
            </td>
            <td
              class="table-row__file-name-cell MuiTableCell-root MuiTableCell-body MuiTableCell-paddingNone MuiTableCell-sizeMedium css-11w94w9-MuiTableCell-root"
            >
              <span>
                Uploading file 
                Dog 0.png
                 to 
                gdrive
                :
                Documents
              </span>
            </td>
            <td
              class="MuiTableCell-root MuiTableCell-body MuiTableCell-alignRight MuiTableCell-paddingNone MuiTableCell-sizeMedium table-row__status-cell css-1154xc7-MuiTableCell-root"
            >
              ONGOING
            </td>
            <td
              class="MuiTableCell-root MuiTableCell-body MuiTableCell-alignRight MuiTableCell-paddingNone MuiTableCell-sizeMedium table-row__cancel-button-cell css-1154xc7-MuiTableCell-root"
            >
              <button
                aria-label="cancel job"
                class="MuiButtonBase-root MuiIconButton-root MuiIconButton-sizeMedium css-78trlr-MuiButtonBase-root-MuiIconButton-root"
                data-testid="cancel-job-button"
                tabindex="0"
                type="button"
              >
                <svg
                  aria-hidden="true"
                  class="MuiSvgIcon-root MuiSvgIcon-fontSizeMedium css-i4bv87-MuiSvgIcon-root"
                  data-testid="CancelIcon"
                  focusable="false"
                  viewBox="0 0 24 24"
                >
                  <path
                    d="M12 2C6.47 2 2 6.47 2 12s4.47 10 10 10 10-4.47 10-10S17.53 2 12 2zm5 13.59L15.59 17 12 13.41 8.41 17 7 15.59 10.59 12 7 8.41 8.41 7 12 10.59 15.59 7 17 8.41 13.41 12 17 15.59z"
                  />
                </svg>
                <span
                  class="MuiTouchRipple-root css-8je8zh-MuiTouchRipple-root"
                />
              </button>
            </td>
          </tr>
          <tr
            class="MuiTableRow-root css-34nofg-MuiTableRow-root"
            data-testid="job-id-1"
          >
            <td
              class="MuiTableCell-root MuiTableCell-body MuiTableCell-paddingNone MuiTableCell-sizeMedium table-row__file-type-cell css-11w94w9-MuiTableCell-root"
            >
              <span
                aria-label="UPLOAD_FILE"
                class=""
                data-mui-internal-clone-element="true"
              >
                <svg
                  aria-hidden="true"
                  class="MuiSvgIcon-root MuiSvgIcon-fontSizeMedium css-i4bv87-MuiSvgIcon-root"
                  data-testid="BackupIcon"
                  focusable="false"
                  viewBox="0 0 24 24"
                >
                  <path
                    d="M19.35 10.04C18.67 6.59 15.64 4 12 4 9.11 4 6.6 5.64 5.35 8.04 2.34 8.36 0 10.91 0 14c0 3.31 2.69 6 6 6h13c2.76 0 5-2.24 5-5 0-2.64-2.05-4.78-4.65-4.96zM14 13v4h-4v-4H7l5-5 5 5h-3z"
                  />
                </svg>
              </span>
            </td>
            <td
              class="table-row__file-name-cell MuiTableCell-root MuiTableCell-body MuiTableCell-paddingNone MuiTableCell-sizeMedium css-11w94w9-MuiTableCell-root"
            >
              <span>
                Uploading file 
                Dog 1.png
                 to 
                gdrive
                :
                Documents
              </span>
            </td>
            <td
              class="MuiTableCell-root MuiTableCell-body MuiTableCell-alignRight MuiTableCell-paddingNone MuiTableCell-sizeMedium table-row__status-cell css-1154xc7-MuiTableCell-root"
            >
              ONGOING
            </td>
            <td
              class="MuiTableCell-root MuiTableCell-body MuiTableCell-alignRight MuiTableCell-paddingNone MuiTableCell-sizeMedium table-row__cancel-button-cell css-1154xc7-MuiTableCell-root"
            >
              <button
                aria-label="cancel job"
                class="MuiButtonBase-root MuiIconButton-root MuiIconButton-sizeMedium css-78trlr-MuiButtonBase-root-MuiIconButton-root"
                data-testid="cancel-job-button"
                tabindex="0"
                type="button"
              >
                <svg
                  aria-hidden="true"
                  class="MuiSvgIcon-root MuiSvgIcon-fontSizeMedium css-i4bv87-MuiSvgIcon-root"
                  data-testid="CancelIcon"
                  focusable="false"
                  viewBox="0 0 24 24"
                >
                  <path
                    d="M12 2C6.47 2 2 6.47 2 12s4.47 10 10 10 10-4.47 10-10S17.53 2 12 2zm5 13.59L15.59 17 12 13.41 8.41 17 7 15.59 10.59 12 7 8.41 8.41 7 12 10.59 15.59 7 17 8.41 13.41 12 17 15.59z"
                  />
                </svg>
                <span
                  class="MuiTouchRipple-root css-8je8zh-MuiTouchRipple-root"
                />
              </button>
            </td>
          </tr>
          <tr
            class="MuiTableRow-root css-34nofg-MuiTableRow-root"
            data-testid="job-id-2"
          >
            <td
              class="MuiTableCell-root MuiTableCell-body MuiTableCell-paddingNone MuiTableCell-sizeMedium table-row__file-type-cell css-11w94w9-MuiTableCell-root"
            >
              <span
                aria-label="UPLOAD_FILE"
                class=""
                data-mui-internal-clone-element="true"
              >
                <svg
                  aria-hidden="true"
                  class="MuiSvgIcon-root MuiSvgIcon-fontSizeMedium css-i4bv87-MuiSvgIcon-root"
                  data-testid="BackupIcon"
                  focusable="false"
                  viewBox="0 0 24 24"
                >
                  <path
                    d="M19.35 10.04C18.67 6.59 15.64 4 12 4 9.11 4 6.6 5.64 5.35 8.04 2.34 8.36 0 10.91 0 14c0 3.31 2.69 6 6 6h13c2.76 0 5-2.24 5-5 0-2.64-2.05-4.78-4.65-4.96zM14 13v4h-4v-4H7l5-5 5 5h-3z"
                  />
                </svg>
              </span>
            </td>
            <td
              class="table-row__file-name-cell MuiTableCell-root MuiTableCell-body MuiTableCell-paddingNone MuiTableCell-sizeMedium css-11w94w9-MuiTableCell-root"
            >
              <span>
                Uploading file 
                Dog 2.png
                 to 
                gdrive
                :
                Documents
              </span>
            </td>
            <td
              class="MuiTableCell-root MuiTableCell-body MuiTableCell-alignRight MuiTableCell-paddingNone MuiTableCell-sizeMedium table-row__status-cell css-1154xc7-MuiTableCell-root"
            >
              ONGOING
            </td>
            <td
              class="MuiTableCell-root MuiTableCell-body MuiTableCell-alignRight MuiTableCell-paddingNone MuiTableCell-sizeMedium table-row__cancel-button-cell css-1154xc7-MuiTableCell-root"
            >
              <button
                aria-label="cancel job"
                class="MuiButtonBase-root MuiIconButton-root MuiIconButton-sizeMedium css-78trlr-MuiButtonBase-root-MuiIconButton-root"
                data-testid="cancel-job-button"
                tabindex="0"
                type="button"
              >
                <svg
                  aria-hidden="true"
                  class="MuiSvgIcon-root MuiSvgIcon-fontSizeMedium css-i4bv87-MuiSvgIcon-root"
                  data-testid="CancelIcon"
                  focusable="false"
                  viewBox="0 0 24 24"
                >
                  <path
                    d="M12 2C6.47 2 2 6.47 2 12s4.47 10 10 10 10-4.47 10-10S17.53 2 12 2zm5 13.59L15.59 17 12 13.41 8.41 17 7 15.59 10.59 12 7 8.41 8.41 7 12 10.59 15.59 7 17 8.41 13.41 12 17 15.59z"
                  />
                </svg>
                <span
                  class="MuiTouchRipple-root css-8je8zh-MuiTouchRipple-root"
                />
              </button>
            </td>
          </tr>
          <tr
            class="MuiTableRow-root css-34nofg-MuiTableRow-root"
            data-testid="job-id-3"
          >
            <td
              class="MuiTableCell-root MuiTableCell-body MuiTableCell-paddingNone MuiTableCell-sizeMedium table-row__file-type-cell css-11w94w9-MuiTableCell-root"
            >
              <span
                aria-label="UPLOAD_FILE"
                class=""
                data-mui-internal-clone-element="true"
              >
                <svg
                  aria-hidden="true"
                  class="MuiSvgIcon-root MuiSvgIcon-fontSizeMedium css-i4bv87-MuiSvgIcon-root"
                  data-testid="BackupIcon"
                  focusable="false"
                  viewBox="0 0 24 24"
                >
                  <path
                    d="M19.35 10.04C18.67 6.59 15.64 4 12 4 9.11 4 6.6 5.64 5.35 8.04 2.34 8.36 0 10.91 0 14c0 3.31 2.69 6 6 6h13c2.76 0 5-2.24 5-5 0-2.64-2.05-4.78-4.65-4.96zM14 13v4h-4v-4H7l5-5 5 5h-3z"
                  />
                </svg>
              </span>
            </td>
            <td
              class="table-row__file-name-cell MuiTableCell-root MuiTableCell-body MuiTableCell-paddingNone MuiTableCell-sizeMedium css-11w94w9-MuiTableCell-root"
            >
              <span>
                Uploading file 
                Dog 3.png
                 to 
                gdrive
                :
                Documents
              </span>
            </td>
            <td
              class="MuiTableCell-root MuiTableCell-body MuiTableCell-alignRight MuiTableCell-paddingNone MuiTableCell-sizeMedium table-row__status-cell css-1154xc7-MuiTableCell-root"
            >
              ONGOING
            </td>
            <td
              class="MuiTableCell-root MuiTableCell-body MuiTableCell-alignRight MuiTableCell-paddingNone MuiTableCell-sizeMedium table-row__cancel-button-cell css-1154xc7-MuiTableCell-root"
            >
              <button
                aria-label="cancel job"
                class="MuiButtonBase-root MuiIconButton-root MuiIconButton-sizeMedium css-78trlr-MuiButtonBase-root-MuiIconButton-root"
                data-testid="cancel-job-button"
                tabindex="0"
                type="button"
              >
                <svg
                  aria-hidden="true"
                  class="MuiSvgIcon-root MuiSvgIcon-fontSizeMedium css-i4bv87-MuiSvgIcon-root"
                  data-testid="CancelIcon"
                  focusable="false"
                  viewBox="0 0 24 24"
                >
                  <path
                    d="M12 2C6.47 2 2 6.47 2 12s4.47 10 10 10 10-4.47 10-10S17.53 2 12 2zm5 13.59L15.59 17 12 13.41 8.41 17 7 15.59 10.59 12 7 8.41 8.41 7 12 10.59 15.59 7 17 8.41 13.41 12 17 15.59z"
                  />
                </svg>
                <span
                  class="MuiTouchRipple-root css-8je8zh-MuiTouchRipple-root"
                />
              </button>
            </td>
          </tr>
          <tr
            class="MuiTableRow-root css-34nofg-MuiTableRow-root"
            data-testid="job-id-4"
          >
            <td
              class="MuiTableCell-root MuiTableCell-body MuiTableCell-paddingNone MuiTableCell-sizeMedium table-row__file-type-cell css-11w94w9-MuiTableCell-root"
            >
              <span
                aria-label="UPLOAD_FILE"
                class=""
                data-mui-internal-clone-element="true"
              >
                <svg
                  aria-hidden="true"
                  class="MuiSvgIcon-root MuiSvgIcon-fontSizeMedium css-i4bv87-MuiSvgIcon-root"
                  data-testid="BackupIcon"
                  focusable="false"
                  viewBox="0 0 24 24"
                >
                  <path
                    d="M19.35 10.04C18.67 6.59 15.64 4 12 4 9.11 4 6.6 5.64 5.35 8.04 2.34 8.36 0 10.91 0 14c0 3.31 2.69 6 6 6h13c2.76 0 5-2.24 5-5 0-2.64-2.05-4.78-4.65-4.96zM14 13v4h-4v-4H7l5-5 5 5h-3z"
                  />
                </svg>
              </span>
            </td>
            <td
              class="table-row__file-name-cell MuiTableCell-root MuiTableCell-body MuiTableCell-paddingNone MuiTableCell-sizeMedium css-11w94w9-MuiTableCell-root"
            >
              <span>
                Uploading file 
                Dog 4.png
                 to 
                gdrive
                :
                Documents
              </span>
            </td>
            <td
              class="MuiTableCell-root MuiTableCell-body MuiTableCell-alignRight MuiTableCell-paddingNone MuiTableCell-sizeMedium table-row__status-cell css-1154xc7-MuiTableCell-root"
            >
              ONGOING
            </td>
            <td
              class="MuiTableCell-root MuiTableCell-body MuiTableCell-alignRight MuiTableCell-paddingNone MuiTableCell-sizeMedium table-row__cancel-button-cell css-1154xc7-MuiTableCell-root"
            >
              <button
                aria-label="cancel job"
                class="MuiButtonBase-root MuiIconButton-root MuiIconButton-sizeMedium css-78trlr-MuiButtonBase-root-MuiIconButton-root"
                data-testid="cancel-job-button"
                tabindex="0"
                type="button"
              >
                <svg
                  aria-hidden="true"
                  class="MuiSvgIcon-root MuiSvgIcon-fontSizeMedium css-i4bv87-MuiSvgIcon-root"
                  data-testid="CancelIcon"
                  focusable="false"
                  viewBox="0 0 24 24"
                >
                  <path
                    d="M12 2C6.47 2 2 6.47 2 12s4.47 10 10 10 10-4.47 10-10S17.53 2 12 2zm5 13.59L15.59 17 12 13.41 8.41 17 7 15.59 10.59 12 7 8.41 8.41 7 12 10.59 15.59 7 17 8.41 13.41 12 17 15.59z"
                  />
                </svg>
                <span
                  class="MuiTouchRipple-root css-8je8zh-MuiTouchRipple-root"
                />
              </button>
            </td>
          </tr>
          <tr
            class="MuiTableRow-root css-34nofg-MuiTableRow-root"
            data-testid="job-id-5"
          >
            <td
              class="MuiTableCell-root MuiTableCell-body MuiTableCell-paddingNone MuiTableCell-sizeMedium table-row__file-type-cell css-11w94w9-MuiTableCell-root"
            >
              <span
                aria-label="UPLOAD_FILE"
                class=""
                data-mui-internal-clone-element="true"
              >
                <svg
                  aria-hidden="true"
                  class="MuiSvgIcon-root MuiSvgIcon-fontSizeMedium css-i4bv87-MuiSvgIcon-root"
                  data-testid="BackupIcon"
                  focusable="false"
                  viewBox="0 0 24 24"
                >
                  <path
                    d="M19.35 10.04C18.67 6.59 15.64 4 12 4 9.11 4 6.6 5.64 5.35 8.04 2.34 8.36 0 10.91 0 14c0 3.31 2.69 6 6 6h13c2.76 0 5-2.24 5-5 0-2.64-2.05-4.78-4.65-4.96zM14 13v4h-4v-4H7l5-5 5 5h-3z"
                  />
                </svg>
              </span>
            </td>
            <td
              class="table-row__file-name-cell MuiTableCell-root MuiTableCell-body MuiTableCell-paddingNone MuiTableCell-sizeMedium css-11w94w9-MuiTableCell-root"
            >
              <span>
                Uploading file 
                Dog 5.png
                 to 
                gdrive
                :
                Documents
              </span>
            </td>
            <td
              class="MuiTableCell-root MuiTableCell-body MuiTableCell-alignRight MuiTableCell-paddingNone MuiTableCell-sizeMedium table-row__status-cell css-1154xc7-MuiTableCell-root"
            >
              ONGOING
            </td>
            <td
              class="MuiTableCell-root MuiTableCell-body MuiTableCell-alignRight MuiTableCell-paddingNone MuiTableCell-sizeMedium table-row__cancel-button-cell css-1154xc7-MuiTableCell-root"
            >
              <button
                aria-label="cancel job"
                class="MuiButtonBase-root MuiIconButton-root MuiIconButton-sizeMedium css-78trlr-MuiButtonBase-root-MuiIconButton-root"
                data-testid="cancel-job-button"
                tabindex="0"
                type="button"
              >
                <svg
                  aria-hidden="true"
                  class="MuiSvgIcon-root MuiSvgIcon-fontSizeMedium css-i4bv87-MuiSvgIcon-root"
                  data-testid="CancelIcon"
                  focusable="false"
                  viewBox="0 0 24 24"
                >
                  <path
                    d="M12 2C6.47 2 2 6.47 2 12s4.47 10 10 10 10-4.47 10-10S17.53 2 12 2zm5 13.59L15.59 17 12 13.41 8.41 17 7 15.59 10.59 12 7 8.41 8.41 7 12 10.59 15.59 7 17 8.41 13.41 12 17 15.59z"
                  />
                </svg>
                <span
                  class="MuiTouchRipple-root css-8je8zh-MuiTouchRipple-root"
                />
              </button>
            </td>
          </tr>
          <tr
            class="MuiTableRow-root css-34nofg-MuiTableRow-root"
            data-testid="job-id-6"
          >
            <td
              class="MuiTableCell-root MuiTableCell-body MuiTableCell-paddingNone MuiTableCell-sizeMedium table-row__file-type-cell css-11w94w9-MuiTableCell-root"
            >
              <span
                aria-label="UPLOAD_FILE"
                class=""
                data-mui-internal-clone-element="true"
              >
                <svg
                  aria-hidden="true"
                  class="MuiSvgIcon-root MuiSvgIcon-fontSizeMedium css-i4bv87-MuiSvgIcon-root"
                  data-testid="BackupIcon"
                  focusable="false"
                  viewBox="0 0 24 24"
                >
                  <path
                    d="M19.35 10.04C18.67 6.59 15.64 4 12 4 9.11 4 6.6 5.64 5.35 8.04 2.34 8.36 0 10.91 0 14c0 3.31 2.69 6 6 6h13c2.76 0 5-2.24 5-5 0-2.64-2.05-4.78-4.65-4.96zM14 13v4h-4v-4H7l5-5 5 5h-3z"
                  />
                </svg>
              </span>
            </td>
            <td
              class="table-row__file-name-cell MuiTableCell-root MuiTableCell-body MuiTableCell-paddingNone MuiTableCell-sizeMedium css-11w94w9-MuiTableCell-root"
            >
              <span>
                Uploading file 
                Dog 6.png
                 to 
                gdrive
                :
                Documents
              </span>
            </td>
            <td
              class="MuiTableCell-root MuiTableCell-body MuiTableCell-alignRight MuiTableCell-paddingNone MuiTableCell-sizeMedium table-row__status-cell css-1154xc7-MuiTableCell-root"
            >
              ONGOING
            </td>
            <td
              class="MuiTableCell-root MuiTableCell-body MuiTableCell-alignRight MuiTableCell-paddingNone MuiTableCell-sizeMedium table-row__cancel-button-cell css-1154xc7-MuiTableCell-root"
            >
              <button
                aria-label="cancel job"
                class="MuiButtonBase-root MuiIconButton-root MuiIconButton-sizeMedium css-78trlr-MuiButtonBase-root-MuiIconButton-root"
                data-testid="cancel-job-button"
                tabindex="0"
                type="button"
              >
                <svg
                  aria-hidden="true"
                  class="MuiSvgIcon-root MuiSvgIcon-fontSizeMedium css-i4bv87-MuiSvgIcon-root"
                  data-testid="CancelIcon"
                  focusable="false"
                  viewBox="0 0 24 24"
                >
                  <path
                    d="M12 2C6.47 2 2 6.47 2 12s4.47 10 10 10 10-4.47 10-10S17.53 2 12 2zm5 13.59L15.59 17 12 13.41 8.41 17 7 15.59 10.59 12 7 8.41 8.41 7 12 10.59 15.59 7 17 8.41 13.41 12 17 15.59z"
                  />
                </svg>
                <span
                  class="MuiTouchRipple-root css-8je8zh-MuiTouchRipple-root"
                />
              </button>
            </td>
          </tr>
          <tr
            class="MuiTableRow-root css-34nofg-MuiTableRow-root"
            data-testid="job-id-7"
          >
            <td
              class="MuiTableCell-root MuiTableCell-body MuiTableCell-paddingNone MuiTableCell-sizeMedium table-row__file-type-cell css-11w94w9-MuiTableCell-root"
            >
              <span
                aria-label="UPLOAD_FILE"
                class=""
                data-mui-internal-clone-element="true"
              >
                <svg
                  aria-hidden="true"
                  class="MuiSvgIcon-root MuiSvgIcon-fontSizeMedium css-i4bv87-MuiSvgIcon-root"
                  data-testid="BackupIcon"
                  focusable="false"
                  viewBox="0 0 24 24"
                >
                  <path
                    d="M19.35 10.04C18.67 6.59 15.64 4 12 4 9.11 4 6.6 5.64 5.35 8.04 2.34 8.36 0 10.91 0 14c0 3.31 2.69 6 6 6h13c2.76 0 5-2.24 5-5 0-2.64-2.05-4.78-4.65-4.96zM14 13v4h-4v-4H7l5-5 5 5h-3z"
                  />
                </svg>
              </span>
            </td>
            <td
              class="table-row__file-name-cell MuiTableCell-root MuiTableCell-body MuiTableCell-paddingNone MuiTableCell-sizeMedium css-11w94w9-MuiTableCell-root"
            >
              <span>
                Uploading file 
                Dog 7.png
                 to 
                gdrive
                :
                Documents
              </span>
            </td>
            <td
              class="MuiTableCell-root MuiTableCell-body MuiTableCell-alignRight MuiTableCell-paddingNone MuiTableCell-sizeMedium table-row__status-cell css-1154xc7-MuiTableCell-root"
            >
              ONGOING
            </td>
            <td
              class="MuiTableCell-root MuiTableCell-body MuiTableCell-alignRight MuiTableCell-paddingNone MuiTableCell-sizeMedium table-row__cancel-button-cell css-1154xc7-MuiTableCell-root"
            >
              <button
                aria-label="cancel job"
                class="MuiButtonBase-root MuiIconButton-root MuiIconButton-sizeMedium css-78trlr-MuiButtonBase-root-MuiIconButton-root"
                data-testid="cancel-job-button"
                tabindex="0"
                type="button"
              >
                <svg
                  aria-hidden="true"
                  class="MuiSvgIcon-root MuiSvgIcon-fontSizeMedium css-i4bv87-MuiSvgIcon-root"
                  data-testid="CancelIcon"
                  focusable="false"
                  viewBox="0 0 24 24"
                >
                  <path
                    d="M12 2C6.47 2 2 6.47 2 12s4.47 10 10 10 10-4.47 10-10S17.53 2 12 2zm5 13.59L15.59 17 12 13.41 8.41 17 7 15.59 10.59 12 7 8.41 8.41 7 12 10.59 15.59 7 17 8.41 13.41 12 17 15.59z"
                  />
                </svg>
                <span
                  class="MuiTouchRipple-root css-8je8zh-MuiTouchRipple-root"
                />
              </button>
            </td>
          </tr>
          <tr
            class="MuiTableRow-root css-34nofg-MuiTableRow-root"
            data-testid="job-id-8"
          >
            <td
              class="MuiTableCell-root MuiTableCell-body MuiTableCell-paddingNone MuiTableCell-sizeMedium table-row__file-type-cell css-11w94w9-MuiTableCell-root"
            >
              <span
                aria-label="UPLOAD_FILE"
                class=""
                data-mui-internal-clone-element="true"
              >
                <svg
                  aria-hidden="true"
                  class="MuiSvgIcon-root MuiSvgIcon-fontSizeMedium css-i4bv87-MuiSvgIcon-root"
                  data-testid="BackupIcon"
                  focusable="false"
                  viewBox="0 0 24 24"
                >
                  <path
                    d="M19.35 10.04C18.67 6.59 15.64 4 12 4 9.11 4 6.6 5.64 5.35 8.04 2.34 8.36 0 10.91 0 14c0 3.31 2.69 6 6 6h13c2.76 0 5-2.24 5-5 0-2.64-2.05-4.78-4.65-4.96zM14 13v4h-4v-4H7l5-5 5 5h-3z"
                  />
                </svg>
              </span>
            </td>
            <td
              class="table-row__file-name-cell MuiTableCell-root MuiTableCell-body MuiTableCell-paddingNone MuiTableCell-sizeMedium css-11w94w9-MuiTableCell-root"
            >
              <span>
                Uploading file 
                Dog 8.png
                 to 
                gdrive
                :
                Documents
              </span>
            </td>
            <td
              class="MuiTableCell-root MuiTableCell-body MuiTableCell-alignRight MuiTableCell-paddingNone MuiTableCell-sizeMedium table-row__status-cell css-1154xc7-MuiTableCell-root"
            >
              ONGOING
            </td>
            <td
              class="MuiTableCell-root MuiTableCell-body MuiTableCell-alignRight MuiTableCell-paddingNone MuiTableCell-sizeMedium table-row__cancel-button-cell css-1154xc7-MuiTableCell-root"
            >
              <button
                aria-label="cancel job"
                class="MuiButtonBase-root MuiIconButton-root MuiIconButton-sizeMedium css-78trlr-MuiButtonBase-root-MuiIconButton-root"
                data-testid="cancel-job-button"
                tabindex="0"
                type="button"
              >
                <svg
                  aria-hidden="true"
                  class="MuiSvgIcon-root MuiSvgIcon-fontSizeMedium css-i4bv87-MuiSvgIcon-root"
                  data-testid="CancelIcon"
                  focusable="false"
                  viewBox="0 0 24 24"
                >
                  <path
                    d="M12 2C6.47 2 2 6.47 2 12s4.47 10 10 10 10-4.47 10-10S17.53 2 12 2zm5 13.59L15.59 17 12 13.41 8.41 17 7 15.59 10.59 12 7 8.41 8.41 7 12 10.59 15.59 7 17 8.41 13.41 12 17 15.59z"
                  />
                </svg>
                <span
                  class="MuiTouchRipple-root css-8je8zh-MuiTouchRipple-root"
                />
              </button>
            </td>
          </tr>
          <tr
            class="MuiTableRow-root css-34nofg-MuiTableRow-root"
            data-testid="job-id-9"
          >
            <td
              class="MuiTableCell-root MuiTableCell-body MuiTableCell-paddingNone MuiTableCell-sizeMedium table-row__file-type-cell css-11w94w9-MuiTableCell-root"
            >
              <span
                aria-label="UPLOAD_FILE"
                class=""
                data-mui-internal-clone-element="true"
              >
                <svg
                  aria-hidden="true"
                  class="MuiSvgIcon-root MuiSvgIcon-fontSizeMedium css-i4bv87-MuiSvgIcon-root"
                  data-testid="BackupIcon"
                  focusable="false"
                  viewBox="0 0 24 24"
                >
                  <path
                    d="M19.35 10.04C18.67 6.59 15.64 4 12 4 9.11 4 6.6 5.64 5.35 8.04 2.34 8.36 0 10.91 0 14c0 3.31 2.69 6 6 6h13c2.76 0 5-2.24 5-5 0-2.64-2.05-4.78-4.65-4.96zM14 13v4h-4v-4H7l5-5 5 5h-3z"
                  />
                </svg>
              </span>
            </td>
            <td
              class="table-row__file-name-cell MuiTableCell-root MuiTableCell-body MuiTableCell-paddingNone MuiTableCell-sizeMedium css-11w94w9-MuiTableCell-root"
            >
              <span>
                Uploading file 
                Dog 9.png
                 to 
                gdrive
                :
                Documents
              </span>
            </td>
            <td
              class="MuiTableCell-root MuiTableCell-body MuiTableCell-alignRight MuiTableCell-paddingNone MuiTableCell-sizeMedium table-row__status-cell css-1154xc7-MuiTableCell-root"
            >
              ONGOING
            </td>
            <td
              class="MuiTableCell-root MuiTableCell-body MuiTableCell-alignRight MuiTableCell-paddingNone MuiTableCell-sizeMedium table-row__cancel-button-cell css-1154xc7-MuiTableCell-root"
            >
              <button
                aria-label="cancel job"
                class="MuiButtonBase-root MuiIconButton-root MuiIconButton-sizeMedium css-78trlr-MuiButtonBase-root-MuiIconButton-root"
                data-testid="cancel-job-button"
                tabindex="0"
                type="button"
              >
                <svg
                  aria-hidden="true"
                  class="MuiSvgIcon-root MuiSvgIcon-fontSizeMedium css-i4bv87-MuiSvgIcon-root"
                  data-testid="CancelIcon"
                  focusable="false"
                  viewBox="0 0 24 24"
                >
                  <path
                    d="M12 2C6.47 2 2 6.47 2 12s4.47 10 10 10 10-4.47 10-10S17.53 2 12 2zm5 13.59L15.59 17 12 13.41 8.41 17 7 15.59 10.59 12 7 8.41 8.41 7 12 10.59 15.59 7 17 8.41 13.41 12 17 15.59z"
                  />
                </svg>
                <span
                  class="MuiTouchRipple-root css-8je8zh-MuiTouchRipple-root"
                />
              </button>
            </td>
          </tr>
        </tbody>
      </table>
    </div>
    <div
      class="MuiTablePagination-root css-jtlhu6-MuiTablePagination-root"
    >
      <div
        class="MuiToolbar-root MuiToolbar-gutters MuiToolbar-regular MuiTablePagination-toolbar css-11bfvty-MuiToolbar-root-MuiTablePagination-toolbar"
      >
        <div
          class="MuiTablePagination-spacer css-1psng7p-MuiTablePagination-spacer"
        />
        <p
          class="MuiTablePagination-selectLabel css-pdct74-MuiTablePagination-selectLabel"
        >
          Rows per page:
        </p>
        <div
          class="MuiInputBase-root MuiInputBase-colorPrimary css-16c50h-MuiInputBase-root-MuiTablePagination-select"
        >
          <div
            aria-expanded="false"
            aria-haspopup="listbox"
            class="MuiTablePagination-select MuiSelect-select MuiSelect-standard MuiInputBase-input css-194a1fa-MuiSelect-select-MuiInputBase-input"
            role="button"
            tabindex="0"
          >
            10
          </div>
          <input
            aria-hidden="true"
            class="MuiSelect-nativeInput css-yf8vq0-MuiSelect-nativeInput"
            tabindex="-1"
            value="10"
          />
          <svg
            aria-hidden="true"
            class="MuiSvgIcon-root MuiSvgIcon-fontSizeMedium MuiTablePagination-selectIcon MuiSelect-icon MuiSelect-iconStandard css-pqjvzy-MuiSvgIcon-root-MuiSelect-icon"
            data-testid="ArrowDropDownIcon"
            focusable="false"
            viewBox="0 0 24 24"
          >
            <path
              d="M7 10l5 5 5-5z"
            />
          </svg>
        </div>
        <p
          class="MuiTablePagination-displayedRows css-levciy-MuiTablePagination-displayedRows"
        >
          1–10 of 100
        </p>
        <div
          class="MuiTablePagination-actions"
        >
          <button
            aria-label="Go to previous page"
            class="MuiButtonBase-root Mui-disabled MuiIconButton-root Mui-disabled MuiIconButton-colorInherit MuiIconButton-sizeMedium css-zylse7-MuiButtonBase-root-MuiIconButton-root"
            disabled=""
            tabindex="-1"
            title="Go to previous page"
            type="button"
          >
            <svg
              aria-hidden="true"
              class="MuiSvgIcon-root MuiSvgIcon-fontSizeMedium css-i4bv87-MuiSvgIcon-root"
              data-testid="KeyboardArrowLeftIcon"
              focusable="false"
              viewBox="0 0 24 24"
            >
              <path
                d="M15.41 16.09l-4.58-4.59 4.58-4.59L14 5.5l-6 6 6 6z"
              />
            </svg>
          </button>
          <button
            aria-label="Go to next page"
            class="MuiButtonBase-root MuiIconButton-root MuiIconButton-colorInherit MuiIconButton-sizeMedium css-zylse7-MuiButtonBase-root-MuiIconButton-root"
            tabindex="0"
            title="Go to next page"
            type="button"
          >
            <svg
              aria-hidden="true"
              class="MuiSvgIcon-root MuiSvgIcon-fontSizeMedium css-i4bv87-MuiSvgIcon-root"
              data-testid="KeyboardArrowRightIcon"
              focusable="false"
              viewBox="0 0 24 24"
            >
              <path
                d="M8.59 16.34l4.58-4.59-4.58-4.59L10 5.75l6 6-6 6z"
              />
            </svg>
            <span
              class="MuiTouchRipple-root css-8je8zh-MuiTouchRipple-root"
            />
          </button>
        </div>
      </div>
    </div>
  </div>
</body>
`;
