// Jest Snapshot v1, https://goo.gl/fbAQLP

exports[`FileListTable should match snapshot given files 1`] = `
<body>
  <div>
    <table
      class="ui striped table file-list-table"
      data-testid="file-list-table"
    >
      <thead
        class=""
      >
        <tr
          class=""
        >
          <th
            class="file-list-table__header-cell"
          >
            Name
          </th>
          <th
            class="file-list-table__header-cell"
          >
            Date Modified
          </th>
          <th
            class="file-list-table__header-cell"
          >
            File Size
          </th>
        </tr>
      </thead>
      <tbody
        class=""
      />
    </table>
  </div>
</body>
`;
