// Jest Snapshot v1, https://goo.gl/fbAQLP

exports[`FolderTree should match snapshot given list of remotes 1`] = `
<body>
  <div>
    <ul
      aria-label="file tree navigator"
      aria-multiselectable="false"
      class="MuiSimpleTreeView-root css-rejl51-MuiSimpleTreeView-root"
      defaultcollapseicon="[object Object]"
      defaultexpandicon="[object Object]"
      id=":r0:"
      role="tree"
      style="--TreeView-itemChildrenIndentation: 12px;"
    >
      <li
        class="MuiTreeItem-root css-16alkdk-MuiTreeItem-root"
        data-testid="googledrive"
        id=":r0:-googledrive"
        role="treeitem"
        tabindex="0"
      >
        <div
          class="css-53rj3a-MuiTreeItem-content MuiTreeItem-content"
        >
          <div
            class="MuiTreeItem-iconContainer"
          />
          <div
            class="MuiTreeItem-label"
          >
            googledrive
          </div>
        </div>
      </li>
      <li
        class="MuiTreeItem-root css-16alkdk-MuiTreeItem-root"
        data-testid="onedrive"
        id=":r0:-onedrive"
        role="treeitem"
        tabindex="-1"
      >
        <div
          class="css-53rj3a-MuiTreeItem-content MuiTreeItem-content"
        >
          <div
            class="MuiTreeItem-iconContainer"
          />
          <div
            class="MuiTreeItem-label"
          >
            onedrive
          </div>
        </div>
      </li>
      <li
        class="MuiTreeItem-root css-16alkdk-MuiTreeItem-root"
        data-testid="icloud"
        id=":r0:-icloud"
        role="treeitem"
        tabindex="-1"
      >
        <div
          class="css-53rj3a-MuiTreeItem-content MuiTreeItem-content"
        >
          <div
            class="MuiTreeItem-iconContainer"
          />
          <div
            class="MuiTreeItem-label"
          >
            icloud
          </div>
        </div>
      </li>
    </ul>
  </div>
</body>
`;
